Compiling lib\main.dart for the Web...                          
Compiling lib\main.dart for the Web...                             33.1s
